error: Cannot specify multiple `#[collect]` attributes! Consider merging them.
 --> tests/ui/multiple_require_static.rs:7:7
  |
7 |     #[collect(require_static)]
  |       ^^^^^^^
