error: `#[collect]` is not suppported on enum variants
 --> $DIR/require_static_enum_variant.rs:6:7
  |
6 |     #[collect(require_static)]
  |       ^^^^^^^
